Circuit: * C:\Users\hoppeb\Documents\GitHub\BatteryModeling\VCU\Draft1.asc

Limiting rise time of source v2 to 2.5e-006
Limiting fall time of source v2 to 2.5e-006
Direct Newton iteration failed to find .op point.  (Use ".option noopiter" to skip.)
Starting Gmin stepping
Gmin = 10
Gmin = 1.07374
Gmin = 0.115292
Gmin = 0.0123794
Gmin = 0.00132923
Gmin = 0.000142725
Gmin = 1.5325e-005
Gmin = 1.6455e-006
Gmin = 1.76685e-007
Gmin = 1.89714e-008
Gmin = 2.03704e-009
Gmin = 2.18725e-010
Gmin = 2.34854e-011
Gmin = 2.52173e-012
Gmin = 2.70769e-013
Gmin = 0
Gmin stepping succeeded in finding the operating point.

Heightened Def Con from 2.98078e-005 to 2.98078e-005
Heightened Def Con from 2.98078e-005 to 2.98108e-005
Heightened Def Con from 2.99324e-005 to 2.99354e-005
Heightened Def Con from 2.9939e-005 to 2.9939e-005
Heightened Def Con from 2.99391e-005 to 2.99391e-005
Heightened Def Con from 2.99391e-005 to 2.99393e-005
Heightened Def Con from 4.93851e-005 to 4.93871e-005
Heightened Def Con from 4.97697e-005 to 4.977e-005
Heightened Def Con from 4.97702e-005 to 4.97712e-005
Heightened Def Con from 4.97782e-005 to 4.97802e-005
Heightened Def Con from 5.00285e-005 to 5.00315e-005

Date: Sun Jan 19 13:15:42 2025
Total elapsed time: 3.897 seconds.

tnom = 27
temp = 27
method = modified trap
totiter = 378700
traniter = 378071
tranpoints = 65713
accept = 49187
rejected = 16537
matrix size = 83
fillins = 59
solver = Normal
Matrix Compiler1: 7.50 KB object code size  1.7/0.8/[0.4]
Matrix Compiler2: 8.29 KB object code size  0.7/1.0/[0.5]

