Circuit: * C:\Users\hoppeb\Documents\GitHub\BatteryModeling\VCU\Draft3.asc

Limiting rise time of source v1 to 2.5e-006
Limiting fall time of source v1 to 2.5e-006
Direct Newton iteration failed to find .op point.  (Use ".option noopiter" to skip.)
Starting Gmin stepping
Gmin = 10
Gmin = 1.07374
Gmin = 0.115292
Gmin = 0.0123794
Gmin = 0.00132923
Gmin = 0.000142725
Gmin = 1.5325e-005
Gmin = 1.6455e-006
Gmin = 1.76685e-007
Gmin = 1.89714e-008
Gmin = 2.03704e-009
Gmin = 2.18725e-010
Gmin = 2.34854e-011
Gmin = 2.52173e-012
Gmin = 2.70769e-013
Gmin = 0
Gmin stepping succeeded in finding the operating point.


Date: Sun Jan 19 13:27:42 2025
Total elapsed time: 1.624 seconds.

tnom = 27
temp = 27
method = modified trap
totiter = 922665
traniter = 922282
tranpoints = 326724
accept = 235024
rejected = 91700
matrix size = 8
fillins = 0
solver = Normal
Matrix Compiler1: 318 bytes object code size  0.1/0.1/[0.0]
Matrix Compiler2: off  [0.1]/0.1/0.1

