Circuit: * C:\Users\hoppeb\Documents\GitHub\BatteryModeling\Precharge Circuit\Simulation\Draft5.asc

WARNING: Specified period is not longer than the sum of Trise, Tfall, and Ton for v14.  Increasing period to 5.0001e-007
Limiting fall time of source v14 to 9.11312e-023
WARNING: Specified period is not longer than the sum of Trise, Tfall, and Ton for v13.  Increasing period to 5.0001e-007
Limiting fall time of source v13 to 9.11312e-023
WARNING: Specified period is not longer than the sum of Trise, Tfall, and Ton for v12.  Increasing period to 5.0001e-007
Limiting fall time of source v12 to 9.11312e-023
WARNING: Specified period is not longer than the sum of Trise, Tfall, and Ton for v10.  Increasing period to 5.0001e-007
Limiting fall time of source v10 to 9.11312e-023
Direct Newton iteration for .op point succeeded.
Heightened Def Con from 4.75006e-008 ++++++++++++++++++++++++to 4.75756e-008
Heightened Def Con from 5.15094e-008 ++++++++++++++++++++++++to 5.15219e-008
Heightened Def Con from 1.725e-007 ++++++++++++++++++++++++to 1.72575e-007
Heightened Def Con from 1.76509e-007 ++++++++++++++++++++++++to 1.76522e-007
Heightened Def Con from 2.975e-007 ++++++++++++++++++++++++to 2.97575e-007
Heightened Def Con from 3.01509e-007 ++++++++++++++++++++++to 3.01509e-007
Heightened Def Con from 4.225e-007 ++++++++++++++++++++++++to 4.22575e-007
Heightened Def Con from 4.26509e-007 ++++++++++++++++++++++++to 4.26522e-007
Heightened Def Con from 5.0001e-007 +to 5.0001e-007

Date: Tue Mar 11 17:29:22 2025
Total elapsed time: 2.370 seconds.

tnom = 27
temp = 27
method = modified trap
totiter = 38040
traniter = 38005
tranpoints = 8104
accept = 5877
rejected = 2427
matrix size = 78
fillins = 15
solver = Normal
Thread vector: 15.9/5.5[3] 4.1/2.3[3] 0.9/0.9[1] 0.2/0.4[1]  2592/500
Matrix Compiler1: 4.06 KB object code size  1.3/0.8/[0.4]
Matrix Compiler2: 5.78 KB object code size  0.7/1.5/[0.7]

