Circuit: * C:\Users\hoppeb\Documents\GitHub\BatteryModeling\Precharge Circuit\Simulation\SensingSim.asc

WARNING: Less than two connections to node U2:INPUT:VM_73.  This node is used by E:U2:INPUT:BIAS:VSVM.
Instance "m:u2:filter:bias:t3:1": Length shorter than recommended for a level 1 MOSFET.
Instance "m:u2:filter:bias:t1:1": Length shorter than recommended for a level 1 MOSFET.
Instance "m:u2:filter:outputn:t2:1": Length shorter than recommended for a level 1 MOSFET.
Instance "m:u2:filter:outputp:t2:1": Length shorter than recommended for a level 1 MOSFET.
Instance "m:u2:filter:bias:t4:1": Length shorter than recommended for a level 1 MOSFET.
Instance "m:u2:filter:outputn:t7:1": Length shorter than recommended for a level 1 MOSFET.
Instance "m:u2:filter:outputp:t7:1": Length shorter than recommended for a level 1 MOSFET.
Direct Newton iteration failed to find .op point.  (Use ".option noopiter" to skip.)
Starting Gmin stepping
Gmin = 10
Gmin = 1.07374
Gmin = 0.115292
Gmin = 0.0123794
Gmin = 0.00132923
Gmin = 0.000142725
Gmin = 1.5325e-005
vernier = 0.5
Gmin = 2.5711e-006
vernier = 0.25
vernier = 0.333333
Gmin = 1.49344e-006
vernier = 0.444444
vernier = 0.592592
Gmin = 5.437e-007
vernier = 0.790123
Gmin = 1.10646e-007
vernier = 1
Gmin = 1.24011e-008
Gmin = 1.33156e-009
Gmin = 1.42975e-010
Gmin = 1.53518e-011
Gmin = 1.64839e-012
Gmin = 1.76994e-013
Gmin = 0
Gmin stepping succeeded in finding the operating point.


Date: Mon Feb 03 11:13:27 2025
Total elapsed time: 0.259 seconds.

tnom = 27
temp = 27
method = modified trap
totiter = 2984
traniter = 2088
tranpoints = 1045
accept = 1045
rejected = 0
matrix size = 171
fillins = 201
solver = Normal
Thread vector: 25.0/14.4[3] 8.8/4.0[3] 5.3/2.8[3] 0.5/1.7[1]  2592/500
Matrix Compiler1: 16.54 KB object code size  6.9/3.4/[1.4]
Matrix Compiler2: 17.83 KB object code size  1.8/4.2/[0.7]

